Cloning into 'Versionamento'...
remote: Enumerating objects: 3, done.
remote: Counting objects: 100% (3/3), done.
remote: Compressing objects: 100% (3/3), done.
remote: Total 3 (delta 0), reused 3 (delta 0), pack-reused 0
Receiving objects: 100% (3/3), 89.01 KiB | 1001.00 KiB/s, done.







Untracked files:
  (use "git add <file>..." to include in what will be committed)
        Comando da tarde.txt

nothing added to commit but untracked files present (use "git add" to track)

C:\Users\24153538\Documents\Tarde\Versionamento>git add .

C:\Users\24153538\Documents\Tarde\Versionamento>git status
On branch main
Your branch is up to date with 'origin/main'.

Changes to be committed:
  (use "git restore --staged <file>..." to unstage)
        new file:   Comando da tarde.txt

